C:\Users\Dell>cd C:\Users\Dell\Desktop\lab1

C:\Users\Dell\Desktop\lab1>git init
Initialized empty Git repository in C:/Users/Dell/Desktop/lab1/.git/

C:\Users\Dell\Desktop\lab1>git add l1.txt

C:\Users\Dell\Desktop\lab1>git commit -m"First"
[master (root-commit) dd7f88a] First
 1 file changed, 2 insertions(+)
 create mode 100644 l1.txt

C:\Users\Dell\Desktop\lab1>git remote add origin https://github.com/saratrajkoska/NovoRepo.git

C:\Users\Dell\Desktop\lab1>git push -u origin master
Counting objects: 3, done.
Writing objects: 100% (3/3), 238 bytes | 238.00 KiB/s, done.
Total 3 (delta 0), reused 0 (delta 0)
To https://github.com/saratrajkoska/NovoRepo.git
 * [new branch]      master -> master
Branch 'master' set up to track remote branch 'master' from 'origin'.

C:\Users\Dell\Desktop\lab1>
C:\Users\Dell\Desktop\lab1>
C:\Users\Dell\Desktop\lab1>
C:\Users\Dell\Desktop\lab1>
C:\Users\Dell\Desktop\lab1>
C:\Users\Dell\Desktop\lab1>
C:\Users\Dell\Desktop\lab1>
C:\Users\Dell\Desktop\lab1>git reset --hard
HEAD is now at dd7f88a First

C:\Users\Dell\Desktop\lab1>git branch logging

C:\Users\Dell\Desktop\lab1>git log
commit dd7f88a0f72eadfafa9624189388e3c787718d47 (HEAD -> master, origin/master, logging)
Author: Sara Trajkoska <trajkoskasaraa@gmail.com>
Date:   Wed Apr 4 12:42:58 2018 +0200

    First

C:\Users\Dell\Desktop\lab1>git add log.txt
fatal: pathspec 'log.txt' did not match any files

C:\Users\Dell\Desktop\lab1>git add 'log.txt'
fatal: pathspec ''log.txt'' did not match any files

C:\Users\Dell\Desktop\lab1>cd C:\Users\Dell\Desktop\logging

C:\Users\Dell\Desktop\logging>git add log.txt

C:\Users\Dell\Desktop\logging>git commit -m"Log"
[bug123 db874bd] Log
 1 file changed, 4 insertions(+)
 create mode 100644 Desktop/logging/log.txt

C:\Users\Dell\Desktop\logging>git push
fatal: The current branch bug123 has no upstream branch.
To push the current branch and set the remote as upstream, use

    git push --set-upstream origin bug123


C:\Users\Dell\Desktop\logging>git push -u origin master
error: src refspec master does not match any.
error: failed to push some refs to 'https://github.com/saratrajkoska/NovoRepo.git'

C:\Users\Dell\Desktop\logging>git remote add origin https://github.com/saratrajkoska/NovoRepo.git
fatal: remote origin already exists.

C:\Users\Dell\Desktop\logging>git push
fatal: The current branch bug123 has no upstream branch.
To push the current branch and set the remote as upstream, use

    git push --set-upstream origin bug123


C:\Users\Dell\Desktop\logging>git push --set-upstream origin bug123
Counting objects: 18, done.
Delta compression using up to 4 threads.
Compressing objects: 100% (9/9), done.
Writing objects: 100% (18/18), 1.46 KiB | 373.00 KiB/s, done.
Total 18 (delta 0), reused 0 (delta 0)
To https://github.com/saratrajkoska/NovoRepo.git
 * [new branch]      bug123 -> bug123
Branch 'bug123' set up to track remote branch 'bug123' from 'origin'.

C:\Users\Dell\Desktop\logging>git push --set-upstream origin logging
error: src refspec logging does not match any.
error: failed to push some refs to 'https://github.com/saratrajkoska/NovoRepo.git'

C:\Users\Dell\Desktop\logging>git checkout master
error: pathspec 'master' did not match any file(s) known to git.

C:\Users\Dell\Desktop\logging>git checkout
Your branch is up to date with 'origin/bug123'.

C:\Users\Dell\Desktop\logging>git checkout origin
error: pathspec 'origin' did not match any file(s) known to git.

C:\Users\Dell\Desktop\logging>git checkout origin master
error: pathspec 'origin' did not match any file(s) known to git.
error: pathspec 'master' did not match any file(s) known to git.

C:\Users\Dell\Desktop\logging>git merge logging
merge: logging - not something we can merge

C:\Users\Dell\Desktop\logging>cd C:\Users\Dell\Desktop\lab1

C:\Users\Dell\Desktop\lab1>git branch addcomands

C:\Users\Dell\Desktop\lab1>git add addComands.txt
fatal: pathspec 'addComands.txt' did not match any files

C:\Users\Dell\Desktop\lab1>git add addComands.txt

C:\Users\Dell\Desktop\lab1>git commit -m"ADD"
[master 38561fe] ADD
 1 file changed, 0 insertions(+), 0 deletions(-)
 create mode 100644 addComands.txt

C:\Users\Dell\Desktop\lab1>git log
commit 38561fed61b8080e84ea54f28018505e07ef7d75 (HEAD -> master)
Author: Sara Trajkoska <trajkoskasaraa@gmail.com>
Date:   Wed Apr 4 14:42:06 2018 +0200

    ADD

commit dd7f88a0f72eadfafa9624189388e3c787718d47 (origin/master, logging, addcomands)
Author: Sara Trajkoska <trajkoskasaraa@gmail.com>
Date:   Wed Apr 4 12:42:58 2018 +0200

    First

C:\Users\Dell\Desktop\lab1>git add addComands.txt

C:\Users\Dell\Desktop\lab1>git commit -m "Second"
[master 2534779] Second
 1 file changed, 10 insertions(+)

C:\Users\Dell\Desktop\lab1>git push -u origin master
Counting objects: 6, done.
Delta compression using up to 4 threads.
Compressing objects: 100% (5/5), done.
Writing objects: 100% (6/6), 751 bytes | 751.00 KiB/s, done.
Total 6 (delta 0), reused 0 (delta 0)
To https://github.com/saratrajkoska/NovoRepo.git
   dd7f88a..2534779  master -> master
Branch 'master' set up to track remote branch 'master' from 'origin'.

C:\Users\Dell\Desktop\lab1>git checkout master
Already on 'master'
Your branch is up to date with 'origin/master'.

C:\Users\Dell\Desktop\lab1>git merge addcomands
Already up to date.

C:\Users\Dell\Desktop\lab1>git branch sara

C:\Users\Dell\Desktop\lab1>git add